INFO:  latexindent version 3.24.7, 2025-08-15, a script to indent .tex files
       latexindent lives here: /usr/local/texlive/2025/texmf-dist/scripts/latexindent/
       Tue Dec 23 00:53:22 2025
       Filename: tex/chapters/16_Milestones.tex
INFO:  Processing switches:
       -s|--silent: Silent mode active (you have used either -s or --silent)
       -w|--overwrite: Overwrite mode active, will make a back up before overwriting
       -wd|--overwriteIfDifferent: will overwrite ONLY if indented text is different
       -l|--localSettings: Read localSettings YAML file
       -m|--modifylinebreaks: modify line breaks
INFO:  Options check: -w and -wd specified
       You have called latexindent.pl with both -w and -wd.
       The -wd switch will take priority, and -w (overwrite) will be ignored
INFO:  Directory for backup files and log file indent.log:
       tex/chapters
INFO:  YAML settings read: defaultSettings.yaml
       Reading defaultSettings.yaml from /usr/local/texlive/2025/texmf-dist/scripts/latexindent/defaultSettings.yaml
INFO:  YAML reading settings
       Home directory is /home/victor
       latexindent.pl didn't find indentconfig.yaml or .indentconfig.yaml
       see all possible locations: https://latexindentpl.readthedocs.io/en/latest/sec-appendices.html#indentconfig-options)
INFO:  YAML settings read: -l switch
       Adding /home/victor/projects/edo/main/latexindent.yaml to YAML read paths
INFO:  YAML settings, reading from the following files:
       Reading USER settings from /home/victor/projects/edo/main/latexindent.yaml
       ---
       backupExtension: ''
       defaultIndent: '  '
       indentPreamble: '1'
       lookForAlignDelims:
         align:
           alignDoubleBackSlash: '1'
           spacesBeforeDoubleBackSlash: '1'
         align*:
           alignDoubleBackSlash: '1'
           spacesBeforeDoubleBackSlash: '1'
         aligned:
           alignDoubleBackSlash: '1'
           spacesBeforeDoubleBackSlash: '1'
         array:
           alignDoubleBackSlash: '1'
           spacesBeforeDoubleBackSlash: '1'
         bmatrix:
           alignDoubleBackSlash: '1'
           spacesBeforeDoubleBackSlash: '1'
         cases:
           alignDoubleBackSlash: '1'
           spacesBeforeDoubleBackSlash: '1'
         equation:
           alignDoubleBackSlash: '1'
           spacesBeforeDoubleBackSlash: '1'
         equation*:
           alignDoubleBackSlash: '1'
           spacesBeforeDoubleBackSlash: '1'
         gather:
           alignDoubleBackSlash: '1'
           spacesBeforeDoubleBackSlash: '1'
         longtable:
           alignDoubleBackSlash: '1'
           spacesBeforeDoubleBackSlash: '1'
         matrix:
           alignDoubleBackSlash: '1'
           spacesBeforeDoubleBackSlash: '1'
         pmatrix:
           alignDoubleBackSlash: '1'
           spacesBeforeDoubleBackSlash: '1'
         tabular:
           alignDoubleBackSlash: '1'
           spacesBeforeDoubleBackSlash: '1'
         tabularx:
           alignDoubleBackSlash: '1'
           spacesBeforeDoubleBackSlash: '1'
       modifyLineBreaks:
         environments:
           BeginStartsOnOwnLine: '1'
           BodyStartsOnOwnLine: '1'
           EndFinishesWithLineBreak: '1'
           EndStartsOnOwnLine: '1'
       onlyOneBackUp: '1'
       preserveBlankLines: '1'
       removeTrailingWhitespace:
         afterProcessing: '0'
         beforeProcessing: '0'
       textWrapOptions:
         columns: '100'
         wrap: '0'
       verbatimEnvironments:
         Verbatim: '1'
         comment: '1'
         filecontents: '1'
         lstlisting: '1'
         minted: '1'
         verbatim: '1'

INFO:  Phase 1: searching for objects
INFO:  Phase 2: finding surrounding indentation
INFO:  Phase 3: indenting objects
INFO:  Phase 4: final indentation check
INFO:  -wd switch active
       Original body matches indented body, NOT overwriting, no backup files created
INFO:  Output routine:
       Not outputting to file; see -w and -o switches for more options.
       --------------
INFO:  Please direct all communication/issues to:
        https://github.com/cmhughes/latexindent.pl
